[2026-05-29 03:04:19] Uncaught PDOException: SQLSTATE[42S22]: Column not found: 1054 Unknown column 'co.participa_recesso_escolar' in 'field list' in D:\xampp\htdocs\mapa_de_sala\app\models\Curso.php:64
#0 D:\xampp\htdocs\mapa_de_sala\app\models\Curso.php(64): PDOStatement->execute(Array)
#1 D:\xampp\htdocs\mapa_de_sala\app\controllers\CursoController.php(23): Curso->listar('', 'todos', Array)
#2 D:\xampp\htdocs\mapa_de_sala\routes\web.php(370): CursoController->index()
#3 D:\xampp\htdocs\mapa_de_sala\public\index.php(64): require_once('D:\\xampp\\htdocs...')
#4 {main}[2026-06-03 21:11:21] Uncaught PDOException: SQLSTATE[42S02]: Base table or view not found: 1146 Table 'mapa_de_sala.docente_areas' doesn't exist in D:\xampp\htdocs\mapa_de_sala\app\models\Docente.php:139
#0 D:\xampp\htdocs\mapa_de_sala\app\models\Docente.php(139): PDOStatement->execute(Array)
#1 D:\xampp\htdocs\mapa_de_sala\app\controllers\DocenteController.php(104): Docente->buscarPorId(1, Array)
#2 D:\xampp\htdocs\mapa_de_sala\routes\web.php(350): DocenteController->editar()
#3 D:\xampp\htdocs\mapa_de_sala\public\index.php(64): require_once('D:\\xampp\\htdocs...')
#4 {main}[2026-06-10 19:29:35] Uncaught PDOException: SQLSTATE[42S22]: Column not found: 1054 Unknown column 'dia_inteiro' in 'field list' in D:\xampp\htdocs\mapa_de_sala\app\models\Home.php:933
#0 D:\xampp\htdocs\mapa_de_sala\app\models\Home.php(933): PDOStatement->execute(Array)
#1 D:\xampp\htdocs\mapa_de_sala\app\models\Home.php(233): Home->cursosCorporativosDocentePeriodo(1, '2026-06-08', '2026-06-13')
#2 D:\xampp\htdocs\mapa_de_sala\app\controllers\HomeController.php(50): Home->semanaDocente(1, '2026-06-10')
#3 D:\xampp\htdocs\mapa_de_sala\routes\web.php(315): HomeController->index()
#4 D:\xampp\htdocs\mapa_de_sala\public\index.php(64): require_once('D:\\xampp\\htdocs...')
#5 {main}[2026-07-29 13:49:59] Uncaught PDOException: SQLSTATE[42S02]: Base table or view not found: 1146 Table 'mapa_de_sala.docente_substituicoes' doesn't exist in D:\xampp\htdocs\mapa_de_sala\app\models\DocenteSubstituicao.php:57
#0 D:\xampp\htdocs\mapa_de_sala\app\models\DocenteSubstituicao.php(57): PDOStatement->execute(Array)
#1 D:\xampp\htdocs\mapa_de_sala\app\controllers\DocenteSubstituicaoController.php(46): DocenteSubstituicao->listar('', 'todos', Array, NULL)
#2 D:\xampp\htdocs\mapa_de_sala\routes\web.php(465): DocenteSubstituicaoController->index()
#3 D:\xampp\htdocs\mapa_de_sala\public\index.php(64): require_once('D:\\xampp\\htdocs...')
#4 {main}[2026-08-05 14:09:37] Uncaught TypeError: usort(): Argument #1 ($array) must be of type array, null given in D:\xampp\htdocs\mapa_de_sala\app\controllers\RelatorioDocenteController.php:366
#0 D:\xampp\htdocs\mapa_de_sala\app\controllers\RelatorioDocenteController.php(366): usort(NULL, Array)
#1 D:\xampp\htdocs\mapa_de_sala\app\controllers\RelatorioDocenteController.php(65): RelatorioDocenteController->montarEventos(Array, Array, Array, Array, Array, Array, 8, 2026)
#2 D:\xampp\htdocs\mapa_de_sala\routes\web.php(486): RelatorioDocenteController->index()
#3 D:\xampp\htdocs\mapa_de_sala\public\index.php(64): require_once('D:\\xampp\\htdocs...')
#4 {main}[2026-08-05 14:09:48] Uncaught TypeError: usort(): Argument #1 ($array) must be of type array, null given in D:\xampp\htdocs\mapa_de_sala\app\controllers\RelatorioDocenteController.php:366
#0 D:\xampp\htdocs\mapa_de_sala\app\controllers\RelatorioDocenteController.php(366): usort(NULL, Array)
#1 D:\xampp\htdocs\mapa_de_sala\app\controllers\RelatorioDocenteController.php(65): RelatorioDocenteController->montarEventos(Array, Array, Array, Array, Array, Array, 8, 2026)
#2 D:\xampp\htdocs\mapa_de_sala\routes\web.php(486): RelatorioDocenteController->index()
#3 D:\xampp\htdocs\mapa_de_sala\public\index.php(64): require_once('D:\\xampp\\htdocs...')
#4 {main}[2026-08-05 14:09:57] Uncaught TypeError: usort(): Argument #1 ($array) must be of type array, null given in D:\xampp\htdocs\mapa_de_sala\app\controllers\RelatorioDocenteController.php:366
#0 D:\xampp\htdocs\mapa_de_sala\app\controllers\RelatorioDocenteController.php(366): usort(NULL, Array)
#1 D:\xampp\htdocs\mapa_de_sala\app\controllers\RelatorioDocenteController.php(65): RelatorioDocenteController->montarEventos(Array, Array, Array, Array, Array, Array, 8, 2026)
#2 D:\xampp\htdocs\mapa_de_sala\routes\web.php(486): RelatorioDocenteController->index()
#3 D:\xampp\htdocs\mapa_de_sala\public\index.php(64): require_once('D:\\xampp\\htdocs...')
#4 {main}